../Core/Src/lcdtp.c:10:10:HueToRGB565	8	static
../Core/Src/lcdtp.c:29:6:Delay	8	static
../Core/Src/lcdtp.c:41:6:LCD_Rst	8	static
../Core/Src/lcdtp.c:49:6:LCD_BackLed_Control	0	static
../Core/Src/lcdtp.c:57:6:LCD_Write_Cmd	0	static
../Core/Src/lcdtp.c:62:6:LCD_Write_Data	0	static
../Core/Src/lcdtp.c:67:10:LCD_Read_Data	0	static
../Core/Src/lcdtp.c:72:6:LCD_REG_Config	36	static
../Core/Src/lcdtp.c:33:6:LCD_INIT	24	static
../Core/Src/lcdtp.c:228:6:LCD_OpenWindow	12	static
../Core/Src/lcdtp.c:244:6:LCD_FillColor	0	static
../Core/Src/lcdtp.c:256:6:LCD_Clear	16	static
../Core/Src/lcdtp.c:264:10:LCD_Read_PixelData	0	static
../Core/Src/lcdtp.c:281:10:LCD_GetPointPixel	8	static
../Core/Src/lcdtp.c:293:6:LCD_DrawLine	64	static
../Core/Src/lcdtp.c:359:6:LCD_DrawChar	24	static
../Core/Src/lcdtp.c:388:6:LCD_DrawString	16	static
../Core/Src/lcdtp.c:411:6:LCD_DrawDot	8	static
../Core/Src/lcdtp.c:418:6:LCD_DrawEllipse	72	static
../Core/Src/lcdtp.c:436:6:LCD_DrawHeatCircle	88	static
../Core/Src/lcdtp.c:454:6:LCD_InitHeatCoords	12	static
../Core/Src/lcdtp.c:464:6:LCD_SetPinColor	0	static
../Core/Src/lcdtp.c:468:10:LCD_DistSqr	24	static
../Core/Src/lcdtp.c:472:6:LCD_PrintHeatMap	72	static
../Core/Src/lcdtp.c:510:6:LCD_DrawChar_Color	16	static
../Core/Src/lcdtp.c:538:6:LCD_DrawCross	16	static
../Core/Src/lcdtp.c:545:6:LCD_DrawString_Color	32	static
../Core/Src/lcdtp.c:568:6:LCD_DrawString_Color_With_Delay	40	static
../Core/Src/lcdtp.c:592:6:LCD_GramScan	20	static
