../Core/Src/main.c:91:6:Check_touchkey	16	static
../Core/Src/main.c:115:6:clearAcceleRecord	16	static
../Core/Src/main.c:125:6:clearAngleRecord	16	static
../Core/Src/main.c:132:6:shiftAcceleRecord	16	static
../Core/Src/main.c:144:6:shiftAngleRecord	16	static
../Core/Src/main.c:154:6:insertAcceleRecord	16	static
../Core/Src/main.c:163:6:insertAngleRecord	16	static
../Core/Src/main.c:171:6:updateDistance	64	static
../Core/Src/main.c:195:9:combineUint_8ts	16	static
../Core/Src/main.c:199:7:checkIfInOrder	16	static
../Core/Src/main.c:209:7:isRotating	24	static
../Core/Src/main.c:226:6:getY	16	static
../Core/Src/main.c:248:6:initWeightSensor	32	static
../Core/Src/main.c:255:6:initWeightSensors	40	static
../Core/Src/main.c:293:6:initializeHMC5883L	32	static
../Core/Src/main.c:301:6:mainPage	24	static
../Core/Src/main.c:322:6:drawBackToHome	24	static
../Core/Src/main.c:329:6:weightPage	88	static
../Core/Src/main.c:377:6:accelerometerPage	272	static
../Core/Src/main.c:543:5:main	16	static
../Core/Src/main.c:608:6:SystemClock_Config	96	static
../Core/Src/main.c:655:13:MX_ADC2_Init	24	static
../Core/Src/main.c:702:13:MX_I2C2_Init	8	static
../Core/Src/main.c:736:13:MX_GPIO_Init	48	static
../Core/Src/main.c:828:13:MX_FSMC_Init	40	static
../Core/Src/main.c:892:6:Error_Handler	4	static,ignoring_inline_asm
