../Core/Src/main.c:347:6:mainPage.part.0	32	static
../Core/Src/main.c:90:6:Check_touchkey	16	static
../Core/Src/main.c:114:6:clearAcceleRecord	4	static
../Core/Src/main.c:125:6:clearAngleRecord	8	static
../Core/Src/main.c:132:6:shiftAcceleRecord	12	static
../Core/Src/main.c:147:6:shiftAngleRecord	16	static
../Core/Src/main.c:157:7:isWithin	0	static
../Core/Src/main.c:161:9:offset	0	static
../Core/Src/main.c:165:6:insertAcceleRecord	32	static
../Core/Src/main.c:202:6:insertAngleRecord	24	static
../Core/Src/main.c:210:6:updateDistance	64	static
../Core/Src/main.c:234:9:combineUint_8ts	0	static
../Core/Src/main.c:238:7:checkIfInOrder	0	static
../Core/Src/main.c:248:7:isRotating	8	static
../Core/Src/main.c:265:6:getY	16	static
../Core/Src/main.c:287:6:initWeightSensor	16	static
../Core/Src/main.c:294:6:initAcceleData	0	static
../Core/Src/main.c:302:6:initWeightSensors	32	static
../Core/Src/main.c:339:6:initializeHMC5883L	48	static
../Core/Src/main.c:347:6:mainPage	0	static
../Core/Src/main.c:368:6:drawBackToHome	24	static
../Core/Src/main.c:375:6:weightPage	88	static
../Core/Src/main.c:421:6:accelerometerPage	216	static
../Core/Src/main.c:660:6:SystemClock_Config	96	static,ignoring_inline_asm
../Core/Src/main.c:590:5:main	64	static,ignoring_inline_asm
../Core/Src/main.c:944:6:Error_Handler	0	static,ignoring_inline_asm
