../Core/Src/main.c:298:6:mainPage.part.0	32	static
../Core/Src/main.c:89:6:Check_touchkey	16	static
../Core/Src/main.c:113:6:clearAcceleRecord	0	static
../Core/Src/main.c:123:6:clearAngleRecord	8	static
../Core/Src/main.c:130:6:shiftAcceleRecord	8	static
../Core/Src/main.c:142:6:shiftAngleRecord	16	static
../Core/Src/main.c:152:6:insertAcceleRecord	24	static
../Core/Src/main.c:161:6:insertAngleRecord	24	static
../Core/Src/main.c:169:6:updateDistance	64	static
../Core/Src/main.c:193:9:combineUint_8ts	0	static
../Core/Src/main.c:197:7:checkIfInOrder	0	static
../Core/Src/main.c:207:7:isRotating	8	static
../Core/Src/main.c:224:6:getY	16	static
../Core/Src/main.c:246:6:initWeightSensor	16	static
../Core/Src/main.c:253:6:initWeightSensors	32	static
../Core/Src/main.c:290:6:initializeHMC5883L	48	static
../Core/Src/main.c:298:6:mainPage	0	static
../Core/Src/main.c:319:6:drawBackToHome	24	static
../Core/Src/main.c:326:6:weightPage	96	static
../Core/Src/main.c:370:6:accelerometerPage	208	static
../Core/Src/main.c:606:6:SystemClock_Config	96	static,ignoring_inline_asm
../Core/Src/main.c:536:5:main	64	static,ignoring_inline_asm
../Core/Src/main.c:890:6:Error_Handler	0	static,ignoring_inline_asm
