../Core/Src/stm32f1xx_hal_msp.c:63:6:HAL_MspInit	24	static
../Core/Src/stm32f1xx_hal_msp.c:89:6:HAL_ADC_MspInit	40	static
../Core/Src/stm32f1xx_hal_msp.c:121:6:HAL_ADC_MspDeInit	16	static
../Core/Src/stm32f1xx_hal_msp.c:149:6:HAL_I2C_MspInit	40	static
../Core/Src/stm32f1xx_hal_msp.c:183:6:HAL_I2C_MspDeInit	16	static
../Core/Src/stm32f1xx_hal_msp.c:210:13:HAL_FSMC_MspInit	32	static
../Core/Src/stm32f1xx_hal_msp.c:264:6:HAL_SRAM_MspInit	16	static
../Core/Src/stm32f1xx_hal_msp.c:276:13:HAL_FSMC_MspDeInit	8	static
../Core/Src/stm32f1xx_hal_msp.c:322:6:HAL_SRAM_MspDeInit	16	static
